2026-03-23 09:55:13,089 INFO: === TOP 10 SPEARMAN ===
2026-03-23 09:55:13,089 INFO:    1. dinov2_vitb14        L 5  ρ=0.915
2026-03-23 09:55:13,089 INFO:    2. dc_ae                L10  ρ=0.914
2026-03-23 09:55:13,089 INFO:    3. dc_ae                L12  ρ=0.914
2026-03-23 09:55:13,089 INFO:    4. vgg19                L 7  ρ=0.911
2026-03-23 09:55:13,089 INFO:    5. dc_ae                L11  ρ=0.909
2026-03-23 09:55:13,089 INFO:    6. dinov2_vitb14        L 6  ρ=0.907
2026-03-23 09:55:13,089 INFO:    7. dc_ae                L14  ρ=0.902
2026-03-23 09:55:13,090 INFO:    8. dinov2_vitb14        L 4  ρ=0.900
2026-03-23 09:55:13,090 INFO:    9. dinov2_vitb14        L 7  ρ=0.891
2026-03-23 09:55:13,090 INFO:   10. dc_ae                L 9  ρ=0.888
2026-03-23 09:55:13,090 INFO: === TOP 10 KENDALL ===
2026-03-23 09:55:13,090 INFO:    1. dinov2_vitb14        L 5  τ=0.877
2026-03-23 09:55:13,090 INFO:    2. vgg19                L 7  τ=0.874
2026-03-23 09:55:13,090 INFO:    3. dc_ae                L12  τ=0.872
2026-03-23 09:55:13,090 INFO:    4. dc_ae                L10  τ=0.872
2026-03-23 09:55:13,090 INFO:    5. dc_ae                L11  τ=0.870
2026-03-23 09:55:13,090 INFO:    6. dinov2_vitb14        L 6  τ=0.861
2026-03-23 09:55:13,090 INFO:    7. dinov2_vitb14        L 4  τ=0.857
2026-03-23 09:55:13,090 INFO:    8. dc_ae                L14  τ=0.852
2026-03-23 09:55:13,090 INFO:    9. sd_vae               L11  τ=0.846
2026-03-23 09:55:13,091 INFO:   10. sd_vae               L13  τ=0.846
2026-03-23 09:55:13,091 INFO: 
12 unique configs to process
2026-03-23 09:55:13,754 INFO: Anchor : 1000 KITTI
2026-03-23 09:55:13,754 INFO: QueryA : 1000 VKITTI2
2026-03-23 09:55:13,754 INFO: QueryB : 1000 Stanford Cars
2026-03-23 09:55:13,754 INFO: 
Chargement CLIP...
2026-03-23 09:55:19,644 INFO: Extraction CLIP anchor...
2026-03-23 09:55:50,621 INFO: Extraction CLIP VKITTI2...
2026-03-23 09:56:16,144 INFO: Extraction CLIP Stanford Cars...
2026-03-23 09:56:38,486 INFO: γ_med CLIP = 5.8915e-03
2026-03-23 09:56:38,535 INFO: CMMD fixe γ=0.005 : VKITTI2=4.9431e-01  Stanford=5.1718e-01
2026-03-23 09:56:40,042 INFO: 
============================================================
2026-03-23 09:56:40,042 INFO: Backbone: dinov2_vitb14  |  Layers: [4, 5, 6, 7]
2026-03-23 09:56:40,042 INFO: ============================================================
2026-03-23 09:56:40,042 INFO: 
--- dinov2_vitb14 L4 ---
2026-03-23 09:56:40,042 INFO: Loading backbone: dinov2_vitb14
Using cache found in /home/jnapolitano/.cache/torch/hub/facebookresearch_dinov2_main
/home/jnapolitano/.cache/torch/hub/facebookresearch_dinov2_main/dinov2/layers/swiglu_ffn.py:51: UserWarning: xFormers is not available (SwiGLU)
  warnings.warn("xFormers is not available (SwiGLU)")
/home/jnapolitano/.cache/torch/hub/facebookresearch_dinov2_main/dinov2/layers/attention.py:33: UserWarning: xFormers is not available (Attention)
  warnings.warn("xFormers is not available (Attention)")
/home/jnapolitano/.cache/torch/hub/facebookresearch_dinov2_main/dinov2/layers/block.py:40: UserWarning: xFormers is not available (Block)
  warnings.warn("xFormers is not available (Block)")
2026-03-23 09:56:40,197 INFO: using MLP layer as FFN
2026-03-23 09:56:41,484 INFO:   Extraction anchor (fit)...
2026-03-23 09:56:42,103 INFO: Extracting features: batch 1/63
2026-03-23 09:56:48,532 INFO: Extracting features: batch 11/63
2026-03-23 09:56:54,799 INFO: Extracting features: batch 21/63
2026-03-23 09:57:01,078 INFO: Extracting features: batch 31/63
2026-03-23 09:57:07,356 INFO: Extracting features: batch 41/63
2026-03-23 09:57:13,632 INFO: Extracting features: batch 51/63
2026-03-23 09:57:19,905 INFO: Extracting features: batch 61/63
2026-03-23 09:57:21,696 INFO: Extracted raw features: shape = (1000, 295296)
2026-03-23 09:57:24,708 INFO: Fitted scaler on Gram features: mean=4.21e-05, std=1.51e-04
2026-03-23 09:57:24,709 INFO: Final feature shape: (1000, 295296)
2026-03-23 09:57:25,051 INFO:   Extraction VKITTI2...
2026-03-23 09:57:25,468 INFO: Extracting features: batch 1/63
2026-03-23 09:57:31,775 INFO: Extracting features: batch 11/63
2026-03-23 09:57:38,053 INFO: Extracting features: batch 21/63
2026-03-23 09:57:44,343 INFO: Extracting features: batch 31/63
2026-03-23 09:57:50,636 INFO: Extracting features: batch 41/63
2026-03-23 09:57:56,928 INFO: Extracting features: batch 51/63
2026-03-23 09:58:03,199 INFO: Extracting features: batch 61/63
2026-03-23 09:58:05,018 INFO: Extracted raw features: shape = (1000, 295296)
2026-03-23 09:58:05,744 INFO: Final feature shape: (1000, 295296)
2026-03-23 09:58:06,105 INFO:   Extraction Stanford Cars...
2026-03-23 09:58:06,533 INFO: Extracting features: batch 1/63
2026-03-23 09:58:12,834 INFO: Extracting features: batch 11/63
2026-03-23 09:58:19,129 INFO: Extracting features: batch 21/63
2026-03-23 09:58:25,437 INFO: Extracting features: batch 31/63
2026-03-23 09:58:31,747 INFO: Extracting features: batch 41/63
2026-03-23 09:58:38,044 INFO: Extracting features: batch 51/63
2026-03-23 09:58:44,321 INFO: Extracting features: batch 61/63
2026-03-23 09:58:46,118 INFO: Extracted raw features: shape = (1000, 295296)
2026-03-23 09:58:48,084 INFO: Final feature shape: (1000, 295296)
2026-03-23 09:58:48,575 INFO:   γ_med = 5.0643e-04  dim=295296
2026-03-23 09:58:58,096 INFO:   Inversion Gram: 3/40 gammas
2026-03-23 09:58:58,675 INFO:   Plot saved → /home/jnapolitano/Documents/metrique/experiments/results/gamma_sweep_top_configs/Spearman_8_ρ0.900_dinov2_vitb14_L4.png
2026-03-23 09:58:59,163 INFO:   Plot saved → /home/jnapolitano/Documents/metrique/experiments/results/gamma_sweep_top_configs/Kendall_7_τ0.857_dinov2_vitb14_L4.png
2026-03-23 09:58:59,378 INFO: 
--- dinov2_vitb14 L5 ---
2026-03-23 09:58:59,379 INFO: Loading backbone: dinov2_vitb14
Using cache found in /home/jnapolitano/.cache/torch/hub/facebookresearch_dinov2_main
2026-03-23 09:59:00,016 INFO: using MLP layer as FFN
2026-03-23 09:59:00,873 INFO:   Extraction anchor (fit)...
2026-03-23 09:59:01,373 INFO: Extracting features: batch 1/63
2026-03-23 09:59:07,686 INFO: Extracting features: batch 11/63
2026-03-23 09:59:14,000 INFO: Extracting features: batch 21/63
2026-03-23 09:59:20,315 INFO: Extracting features: batch 31/63
2026-03-23 09:59:26,623 INFO: Extracting features: batch 41/63
2026-03-23 09:59:32,930 INFO: Extracting features: batch 51/63
2026-03-23 09:59:39,236 INFO: Extracting features: batch 61/63
2026-03-23 09:59:41,038 INFO: Extracted raw features: shape = (1000, 295296)
2026-03-23 09:59:43,822 INFO: Fitted scaler on Gram features: mean=4.34e-05, std=2.59e-04
2026-03-23 09:59:43,822 INFO: Final feature shape: (1000, 295296)
2026-03-23 09:59:44,156 INFO:   Extraction VKITTI2...
2026-03-23 09:59:44,647 INFO: Extracting features: batch 1/63
2026-03-23 09:59:50,992 INFO: Extracting features: batch 11/63
2026-03-23 09:59:57,310 INFO: Extracting features: batch 21/63
2026-03-23 10:00:03,642 INFO: Extracting features: batch 31/63
2026-03-23 10:00:09,942 INFO: Extracting features: batch 41/63
2026-03-23 10:00:16,252 INFO: Extracting features: batch 51/63
2026-03-23 10:00:22,551 INFO: Extracting features: batch 61/63
2026-03-23 10:00:24,355 INFO: Extracted raw features: shape = (1000, 295296)
2026-03-23 10:00:25,006 INFO: Final feature shape: (1000, 295296)
2026-03-23 10:00:25,325 INFO:   Extraction Stanford Cars...
2026-03-23 10:00:25,733 INFO: Extracting features: batch 1/63
2026-03-23 10:00:32,044 INFO: Extracting features: batch 11/63
2026-03-23 10:00:38,342 INFO: Extracting features: batch 21/63
2026-03-23 10:00:44,636 INFO: Extracting features: batch 31/63
2026-03-23 10:00:50,938 INFO: Extracting features: batch 41/63
2026-03-23 10:00:57,255 INFO: Extracting features: batch 51/63
2026-03-23 10:01:03,569 INFO: Extracting features: batch 61/63
2026-03-23 10:01:05,390 INFO: Extracted raw features: shape = (1000, 295296)
2026-03-23 10:01:06,516 INFO: Final feature shape: (1000, 295296)
2026-03-23 10:01:06,985 INFO:   γ_med = 5.1096e-04  dim=295296
2026-03-23 10:01:16,053 INFO:   Inversion Gram: 5/40 gammas
2026-03-23 10:01:16,541 INFO:   Plot saved → /home/jnapolitano/Documents/metrique/experiments/results/gamma_sweep_top_configs/Spearman_1_ρ0.915_dinov2_vitb14_L5.png
2026-03-23 10:01:17,023 INFO:   Plot saved → /home/jnapolitano/Documents/metrique/experiments/results/gamma_sweep_top_configs/Kendall_1_τ0.877_dinov2_vitb14_L5.png
2026-03-23 10:01:17,221 INFO: 
--- dinov2_vitb14 L6 ---
2026-03-23 10:01:17,221 INFO: Loading backbone: dinov2_vitb14
Using cache found in /home/jnapolitano/.cache/torch/hub/facebookresearch_dinov2_main
2026-03-23 10:01:17,801 INFO: using MLP layer as FFN
2026-03-23 10:01:18,617 INFO:   Extraction anchor (fit)...
2026-03-23 10:01:19,201 INFO: Extracting features: batch 1/63
2026-03-23 10:01:25,511 INFO: Extracting features: batch 11/63
2026-03-23 10:01:31,828 INFO: Extracting features: batch 21/63
2026-03-23 10:01:38,145 INFO: Extracting features: batch 31/63
2026-03-23 10:01:44,449 INFO: Extracting features: batch 41/63
2026-03-23 10:01:50,756 INFO: Extracting features: batch 51/63
2026-03-23 10:01:57,067 INFO: Extracting features: batch 61/63
2026-03-23 10:01:58,875 INFO: Extracted raw features: shape = (1000, 295296)
2026-03-23 10:02:01,801 INFO: Fitted scaler on Gram features: mean=5.24e-05, std=7.10e-04
2026-03-23 10:02:01,801 INFO: Final feature shape: (1000, 295296)
2026-03-23 10:02:02,212 INFO:   Extraction VKITTI2...
2026-03-23 10:02:02,734 INFO: Extracting features: batch 1/63
2026-03-23 10:02:09,103 INFO: Extracting features: batch 11/63
2026-03-23 10:02:15,427 INFO: Extracting features: batch 21/63
2026-03-23 10:02:21,748 INFO: Extracting features: batch 31/63
2026-03-23 10:02:28,054 INFO: Extracting features: batch 41/63
2026-03-23 10:02:34,364 INFO: Extracting features: batch 51/63
2026-03-23 10:02:40,658 INFO: Extracting features: batch 61/63
2026-03-23 10:02:42,476 INFO: Extracted raw features: shape = (1000, 295296)
2026-03-23 10:02:43,133 INFO: Final feature shape: (1000, 295296)
2026-03-23 10:02:43,462 INFO:   Extraction Stanford Cars...
2026-03-23 10:02:43,886 INFO: Extracting features: batch 1/63
2026-03-23 10:02:50,187 INFO: Extracting features: batch 11/63
2026-03-23 10:02:56,508 INFO: Extracting features: batch 21/63
2026-03-23 10:03:02,807 INFO: Extracting features: batch 31/63
2026-03-23 10:03:09,114 INFO: Extracting features: batch 41/63
2026-03-23 10:03:15,418 INFO: Extracting features: batch 51/63
2026-03-23 10:03:21,706 INFO: Extracting features: batch 61/63
2026-03-23 10:03:23,526 INFO: Extracted raw features: shape = (1000, 295296)
2026-03-23 10:03:24,721 INFO: Final feature shape: (1000, 295296)
2026-03-23 10:03:25,238 INFO:   γ_med = 5.0898e-04  dim=295296
2026-03-23 10:03:33,541 INFO:   Inversion Gram: 6/40 gammas
2026-03-23 10:03:34,044 INFO:   Plot saved → /home/jnapolitano/Documents/metrique/experiments/results/gamma_sweep_top_configs/Spearman_6_ρ0.907_dinov2_vitb14_L6.png
2026-03-23 10:03:34,553 INFO:   Plot saved → /home/jnapolitano/Documents/metrique/experiments/results/gamma_sweep_top_configs/Kendall_6_τ0.861_dinov2_vitb14_L6.png
2026-03-23 10:03:34,783 INFO: 
--- dinov2_vitb14 L7 ---
2026-03-23 10:03:34,783 INFO: Loading backbone: dinov2_vitb14
Using cache found in /home/jnapolitano/.cache/torch/hub/facebookresearch_dinov2_main
2026-03-23 10:03:34,885 INFO: using MLP layer as FFN
2026-03-23 10:03:35,711 INFO:   Extraction anchor (fit)...
2026-03-23 10:03:36,254 INFO: Extracting features: batch 1/63
2026-03-23 10:03:42,562 INFO: Extracting features: batch 11/63
2026-03-23 10:03:48,846 INFO: Extracting features: batch 21/63
2026-03-23 10:03:55,151 INFO: Extracting features: batch 31/63
2026-03-23 10:04:01,440 INFO: Extracting features: batch 41/63
2026-03-23 10:04:07,743 INFO: Extracting features: batch 51/63
2026-03-23 10:04:14,060 INFO: Extracting features: batch 61/63
2026-03-23 10:04:15,968 INFO: Extracted raw features: shape = (1000, 295296)
2026-03-23 10:04:18,883 INFO: Fitted scaler on Gram features: mean=8.82e-05, std=1.66e-03
2026-03-23 10:04:18,883 INFO: Final feature shape: (1000, 295296)
2026-03-23 10:04:19,230 INFO:   Extraction VKITTI2...
2026-03-23 10:04:19,641 INFO: Extracting features: batch 1/63
2026-03-23 10:04:25,963 INFO: Extracting features: batch 11/63
2026-03-23 10:04:32,264 INFO: Extracting features: batch 21/63
2026-03-23 10:04:38,570 INFO: Extracting features: batch 31/63
2026-03-23 10:04:44,872 INFO: Extracting features: batch 41/63
2026-03-23 10:04:51,194 INFO: Extracting features: batch 51/63
2026-03-23 10:04:57,505 INFO: Extracting features: batch 61/63
2026-03-23 10:04:59,311 INFO: Extracted raw features: shape = (1000, 295296)
2026-03-23 10:04:59,924 INFO: Final feature shape: (1000, 295296)
2026-03-23 10:05:00,234 INFO:   Extraction Stanford Cars...
2026-03-23 10:05:00,603 INFO: Extracting features: batch 1/63
2026-03-23 10:05:06,917 INFO: Extracting features: batch 11/63
2026-03-23 10:05:13,242 INFO: Extracting features: batch 21/63
2026-03-23 10:05:19,552 INFO: Extracting features: batch 31/63
2026-03-23 10:05:25,852 INFO: Extracting features: batch 41/63
2026-03-23 10:05:32,165 INFO: Extracting features: batch 51/63
2026-03-23 10:05:38,481 INFO: Extracting features: batch 61/63
2026-03-23 10:05:40,371 INFO: Extracted raw features: shape = (1000, 295296)
2026-03-23 10:05:41,230 INFO: Final feature shape: (1000, 295296)
2026-03-23 10:05:41,780 INFO:   γ_med = 5.0848e-04  dim=295296
2026-03-23 10:05:50,357 INFO:   Inversion Gram: 7/40 gammas
2026-03-23 10:05:50,846 INFO:   Plot saved → /home/jnapolitano/Documents/metrique/experiments/results/gamma_sweep_top_configs/Spearman_9_ρ0.891_dinov2_vitb14_L7.png
2026-03-23 10:05:51,053 INFO: 
============================================================
2026-03-23 10:05:51,053 INFO: Backbone: dc_ae  |  Layers: [9, 10, 11, 12, 14]
2026-03-23 10:05:51,053 INFO: ============================================================
2026-03-23 10:05:51,053 INFO: 
--- dc_ae L9 ---
2026-03-23 10:05:51,053 INFO: Loading backbone: dc_ae
/home/jnapolitano/Documents/metrique/.venv/lib/python3.12/site-packages/huggingface_hub/utils/_validators.py:202: UserWarning: The `local_dir_use_symlinks` argument is deprecated and ignored in `hf_hub_download`. Downloading to a local directory does not use symlinks anymore.
  warnings.warn(
2026-03-23 10:05:52,810 INFO: HTTP Request: HEAD https://huggingface.co/mit-han-lab/dc-ae-f64c128-in-1.0-diffusers/resolve/main/config.json "HTTP/1.1 307 Temporary Redirect"
2026-03-23 10:05:52,824 INFO: HTTP Request: HEAD https://huggingface.co/api/resolve-cache/models/mit-han-lab/dc-ae-f64c128-in-1.0-diffusers/d58275ea9674845e5e36cbf280987f67bee0e85c/config.json "HTTP/1.1 200 OK"
2026-03-23 10:05:52,956 INFO: HTTP Request: HEAD https://huggingface.co/mit-han-lab/dc-ae-f64c128-in-1.0-diffusers/resolve/d58275ea9674845e5e36cbf280987f67bee0e85c/diffusion_pytorch_model.safetensors.index.json "HTTP/1.1 404 Not Found"
2026-03-23 10:05:55,816 INFO:   Extraction anchor (fit)...
2026-03-23 10:05:56,289 INFO: Extracting features: batch 1/63
2026-03-23 10:06:16,882 INFO: Extracting features: batch 11/63
2026-03-23 10:06:37,067 INFO: Extracting features: batch 21/63
2026-03-23 10:06:57,214 INFO: Extracting features: batch 31/63
2026-03-23 10:07:17,454 INFO: Extracting features: batch 41/63
2026-03-23 10:07:37,682 INFO: Extracting features: batch 51/63
2026-03-23 10:07:57,894 INFO: Extracting features: batch 61/63
2026-03-23 10:08:03,369 INFO: Extracted raw features: shape = (1000, 131328)
2026-03-23 10:08:04,750 INFO: Fitted scaler on Gram features: mean=6.50e-03, std=3.46e-02
2026-03-23 10:08:04,750 INFO: Final feature shape: (1000, 131328)
2026-03-23 10:08:04,950 INFO:   Extraction VKITTI2...
2026-03-23 10:08:05,374 INFO: Extracting features: batch 1/63
2026-03-23 10:08:25,597 INFO: Extracting features: batch 11/63
2026-03-23 10:08:45,924 INFO: Extracting features: batch 21/63
2026-03-23 10:09:06,164 INFO: Extracting features: batch 31/63
2026-03-23 10:09:26,464 INFO: Extracting features: batch 41/63
2026-03-23 10:09:46,864 INFO: Extracting features: batch 51/63
2026-03-23 10:10:07,094 INFO: Extracting features: batch 61/63
2026-03-23 10:10:12,277 INFO: Extracted raw features: shape = (1000, 131328)
2026-03-23 10:10:12,563 INFO: Final feature shape: (1000, 131328)
2026-03-23 10:10:12,716 INFO:   Extraction Stanford Cars...
2026-03-23 10:10:13,102 INFO: Extracting features: batch 1/63
2026-03-23 10:10:33,225 INFO: Extracting features: batch 11/63
2026-03-23 10:10:53,393 INFO: Extracting features: batch 21/63
2026-03-23 10:11:13,528 INFO: Extracting features: batch 31/63
2026-03-23 10:11:33,693 INFO: Extracting features: batch 41/63
2026-03-23 10:11:53,889 INFO: Extracting features: batch 51/63
2026-03-23 10:12:14,145 INFO: Extracting features: batch 61/63
2026-03-23 10:12:19,248 INFO: Extracted raw features: shape = (1000, 131328)
2026-03-23 10:12:19,526 INFO: Final feature shape: (1000, 131328)
2026-03-23 10:12:19,830 INFO:   γ_med = 5.4514e-04  dim=131328
2026-03-23 10:12:24,830 INFO:   Inversion Gram: 0/40 gammas
2026-03-23 10:12:25,331 INFO:   Plot saved → /home/jnapolitano/Documents/metrique/experiments/results/gamma_sweep_top_configs/Spearman_10_ρ0.888_dc_ae_L9.png
2026-03-23 10:12:25,663 INFO: 
--- dc_ae L10 ---
2026-03-23 10:12:25,663 INFO: Loading backbone: dc_ae
/home/jnapolitano/Documents/metrique/.venv/lib/python3.12/site-packages/huggingface_hub/utils/_validators.py:202: UserWarning: The `local_dir_use_symlinks` argument is deprecated and ignored in `hf_hub_download`. Downloading to a local directory does not use symlinks anymore.
  warnings.warn(
2026-03-23 10:12:25,813 INFO: HTTP Request: HEAD https://huggingface.co/mit-han-lab/dc-ae-f64c128-in-1.0-diffusers/resolve/main/config.json "HTTP/1.1 307 Temporary Redirect"
2026-03-23 10:12:25,825 INFO: HTTP Request: HEAD https://huggingface.co/api/resolve-cache/models/mit-han-lab/dc-ae-f64c128-in-1.0-diffusers/d58275ea9674845e5e36cbf280987f67bee0e85c/config.json "HTTP/1.1 200 OK"
2026-03-23 10:12:25,943 INFO: HTTP Request: HEAD https://huggingface.co/mit-han-lab/dc-ae-f64c128-in-1.0-diffusers/resolve/d58275ea9674845e5e36cbf280987f67bee0e85c/diffusion_pytorch_model.safetensors.index.json "HTTP/1.1 404 Not Found"
2026-03-23 10:12:26,563 INFO:   Extraction anchor (fit)...
2026-03-23 10:12:27,026 INFO: Extracting features: batch 1/63
2026-03-23 10:12:47,082 INFO: Extracting features: batch 11/63
2026-03-23 10:13:07,148 INFO: Extracting features: batch 21/63
2026-03-23 10:13:27,309 INFO: Extracting features: batch 31/63
2026-03-23 10:13:47,465 INFO: Extracting features: batch 41/63
2026-03-23 10:14:07,678 INFO: Extracting features: batch 51/63
2026-03-23 10:14:27,862 INFO: Extracting features: batch 61/63
2026-03-23 10:14:32,996 INFO: Extracted raw features: shape = (1000, 131328)
2026-03-23 10:14:34,318 INFO: Fitted scaler on Gram features: mean=1.14e-02, std=1.00e-01
2026-03-23 10:14:34,318 INFO: Final feature shape: (1000, 131328)
2026-03-23 10:14:34,505 INFO:   Extraction VKITTI2...
2026-03-23 10:14:34,879 INFO: Extracting features: batch 1/63
2026-03-23 10:14:55,083 INFO: Extracting features: batch 11/63
2026-03-23 10:15:15,276 INFO: Extracting features: batch 21/63
2026-03-23 10:15:35,483 INFO: Extracting features: batch 31/63
2026-03-23 10:15:55,547 INFO: Extracting features: batch 41/63
2026-03-23 10:16:15,628 INFO: Extracting features: batch 51/63
2026-03-23 10:16:35,770 INFO: Extracting features: batch 61/63
2026-03-23 10:16:40,900 INFO: Extracted raw features: shape = (1000, 131328)
2026-03-23 10:16:41,216 INFO: Final feature shape: (1000, 131328)
2026-03-23 10:16:41,386 INFO:   Extraction Stanford Cars...
2026-03-23 10:16:41,793 INFO: Extracting features: batch 1/63
2026-03-23 10:17:01,864 INFO: Extracting features: batch 11/63
2026-03-23 10:17:21,829 INFO: Extracting features: batch 21/63
2026-03-23 10:17:41,937 INFO: Extracting features: batch 31/63
2026-03-23 10:18:02,019 INFO: Extracting features: batch 41/63
2026-03-23 10:18:22,105 INFO: Extracting features: batch 51/63
2026-03-23 10:18:42,142 INFO: Extracting features: batch 61/63
2026-03-23 10:18:47,295 INFO: Extracted raw features: shape = (1000, 131328)
2026-03-23 10:18:47,588 INFO: Final feature shape: (1000, 131328)
2026-03-23 10:18:47,877 INFO:   γ_med = 5.1909e-04  dim=131328
2026-03-23 10:18:52,976 INFO:   Inversion Gram: 3/40 gammas
2026-03-23 10:18:53,484 INFO:   Plot saved → /home/jnapolitano/Documents/metrique/experiments/results/gamma_sweep_top_configs/Spearman_2_ρ0.914_dc_ae_L10.png
2026-03-23 10:18:53,994 INFO:   Plot saved → /home/jnapolitano/Documents/metrique/experiments/results/gamma_sweep_top_configs/Kendall_4_τ0.872_dc_ae_L10.png
2026-03-23 10:18:54,334 INFO: 
--- dc_ae L11 ---
2026-03-23 10:18:54,334 INFO: Loading backbone: dc_ae
/home/jnapolitano/Documents/metrique/.venv/lib/python3.12/site-packages/huggingface_hub/utils/_validators.py:202: UserWarning: The `local_dir_use_symlinks` argument is deprecated and ignored in `hf_hub_download`. Downloading to a local directory does not use symlinks anymore.
  warnings.warn(
2026-03-23 10:18:54,475 INFO: HTTP Request: HEAD https://huggingface.co/mit-han-lab/dc-ae-f64c128-in-1.0-diffusers/resolve/main/config.json "HTTP/1.1 307 Temporary Redirect"
2026-03-23 10:18:54,488 INFO: HTTP Request: HEAD https://huggingface.co/api/resolve-cache/models/mit-han-lab/dc-ae-f64c128-in-1.0-diffusers/d58275ea9674845e5e36cbf280987f67bee0e85c/config.json "HTTP/1.1 200 OK"
2026-03-23 10:18:54,606 INFO: HTTP Request: HEAD https://huggingface.co/mit-han-lab/dc-ae-f64c128-in-1.0-diffusers/resolve/d58275ea9674845e5e36cbf280987f67bee0e85c/diffusion_pytorch_model.safetensors.index.json "HTTP/1.1 404 Not Found"
2026-03-23 10:18:55,399 INFO:   Extraction anchor (fit)...
2026-03-23 10:18:55,930 INFO: Extracting features: batch 1/63
2026-03-23 10:19:16,000 INFO: Extracting features: batch 11/63
2026-03-23 10:19:36,191 INFO: Extracting features: batch 21/63
2026-03-23 10:19:56,208 INFO: Extracting features: batch 31/63
2026-03-23 10:20:16,270 INFO: Extracting features: batch 41/63
2026-03-23 10:20:36,352 INFO: Extracting features: batch 51/63
2026-03-23 10:20:56,579 INFO: Extracting features: batch 61/63
2026-03-23 10:21:01,760 INFO: Extracted raw features: shape = (1000, 131328)
2026-03-23 10:21:03,052 INFO: Fitted scaler on Gram features: mean=6.46e-03, std=6.11e-02
2026-03-23 10:21:03,053 INFO: Final feature shape: (1000, 131328)
2026-03-23 10:21:03,241 INFO:   Extraction VKITTI2...
2026-03-23 10:21:03,627 INFO: Extracting features: batch 1/63
2026-03-23 10:21:23,749 INFO: Extracting features: batch 11/63
2026-03-23 10:21:43,912 INFO: Extracting features: batch 21/63
2026-03-23 10:22:03,970 INFO: Extracting features: batch 31/63
2026-03-23 10:22:23,948 INFO: Extracting features: batch 41/63
2026-03-23 10:22:44,065 INFO: Extracting features: batch 51/63
2026-03-23 10:23:04,187 INFO: Extracting features: batch 61/63
2026-03-23 10:23:09,298 INFO: Extracted raw features: shape = (1000, 131328)
2026-03-23 10:23:09,576 INFO: Final feature shape: (1000, 131328)
2026-03-23 10:23:09,738 INFO:   Extraction Stanford Cars...
2026-03-23 10:23:10,110 INFO: Extracting features: batch 1/63
2026-03-23 10:23:30,322 INFO: Extracting features: batch 11/63
2026-03-23 10:23:50,420 INFO: Extracting features: batch 21/63
2026-03-23 10:24:10,531 INFO: Extracting features: batch 31/63
2026-03-23 10:24:30,501 INFO: Extracting features: batch 41/63
2026-03-23 10:24:50,637 INFO: Extracting features: batch 51/63
2026-03-23 10:25:10,837 INFO: Extracting features: batch 61/63
2026-03-23 10:25:15,926 INFO: Extracted raw features: shape = (1000, 131328)
2026-03-23 10:25:16,176 INFO: Final feature shape: (1000, 131328)
2026-03-23 10:25:16,450 INFO:   γ_med = 5.1146e-04  dim=131328
2026-03-23 10:25:21,122 INFO:   Inversion Gram: 0/40 gammas
2026-03-23 10:25:21,613 INFO:   Plot saved → /home/jnapolitano/Documents/metrique/experiments/results/gamma_sweep_top_configs/Spearman_5_ρ0.909_dc_ae_L11.png
2026-03-23 10:25:22,107 INFO:   Plot saved → /home/jnapolitano/Documents/metrique/experiments/results/gamma_sweep_top_configs/Kendall_5_τ0.870_dc_ae_L11.png
2026-03-23 10:25:22,407 INFO: 
--- dc_ae L12 ---
2026-03-23 10:25:22,407 INFO: Loading backbone: dc_ae
/home/jnapolitano/Documents/metrique/.venv/lib/python3.12/site-packages/huggingface_hub/utils/_validators.py:202: UserWarning: The `local_dir_use_symlinks` argument is deprecated and ignored in `hf_hub_download`. Downloading to a local directory does not use symlinks anymore.
  warnings.warn(
2026-03-23 10:25:22,594 INFO: HTTP Request: HEAD https://huggingface.co/mit-han-lab/dc-ae-f64c128-in-1.0-diffusers/resolve/main/config.json "HTTP/1.1 307 Temporary Redirect"
2026-03-23 10:25:22,607 INFO: HTTP Request: HEAD https://huggingface.co/api/resolve-cache/models/mit-han-lab/dc-ae-f64c128-in-1.0-diffusers/d58275ea9674845e5e36cbf280987f67bee0e85c/config.json "HTTP/1.1 200 OK"
2026-03-23 10:25:22,717 INFO: HTTP Request: HEAD https://huggingface.co/mit-han-lab/dc-ae-f64c128-in-1.0-diffusers/resolve/d58275ea9674845e5e36cbf280987f67bee0e85c/diffusion_pytorch_model.safetensors.index.json "HTTP/1.1 404 Not Found"
2026-03-23 10:25:23,321 INFO:   Extraction anchor (fit)...
2026-03-23 10:25:23,824 INFO: Extracting features: batch 1/63
2026-03-23 10:25:43,954 INFO: Extracting features: batch 11/63
2026-03-23 10:26:04,095 INFO: Extracting features: batch 21/63
2026-03-23 10:26:24,177 INFO: Extracting features: batch 31/63
2026-03-23 10:26:44,409 INFO: Extracting features: batch 41/63
2026-03-23 10:27:04,575 INFO: Extracting features: batch 51/63
2026-03-23 10:27:24,791 INFO: Extracting features: batch 61/63
2026-03-23 10:27:30,274 INFO: Extracted raw features: shape = (1000, 524800)
2026-03-23 10:27:37,160 INFO: Fitted scaler on Gram features: mean=5.17e-03, std=7.79e-02
2026-03-23 10:27:37,161 INFO: Final feature shape: (1000, 524800)
2026-03-23 10:27:37,766 INFO:   Extraction VKITTI2...
2026-03-23 10:27:38,209 INFO: Extracting features: batch 1/63
2026-03-23 10:27:58,258 INFO: Extracting features: batch 11/63
2026-03-23 10:28:18,319 INFO: Extracting features: batch 21/63
2026-03-23 10:28:38,484 INFO: Extracting features: batch 31/63
2026-03-23 10:28:58,648 INFO: Extracting features: batch 41/63
2026-03-23 10:29:18,938 INFO: Extracting features: batch 51/63
2026-03-23 10:29:39,149 INFO: Extracting features: batch 61/63
2026-03-23 10:29:44,651 INFO: Extracted raw features: shape = (1000, 524800)
2026-03-23 10:29:48,213 INFO: Final feature shape: (1000, 524800)
2026-03-23 10:29:48,880 INFO:   Extraction Stanford Cars...
2026-03-23 10:29:49,281 INFO: Extracting features: batch 1/63
2026-03-23 10:30:09,511 INFO: Extracting features: batch 11/63
2026-03-23 10:30:29,676 INFO: Extracting features: batch 21/63
2026-03-23 10:30:49,925 INFO: Extracting features: batch 31/63
2026-03-23 10:31:09,988 INFO: Extracting features: batch 41/63
2026-03-23 10:31:30,262 INFO: Extracting features: batch 51/63
2026-03-23 10:31:50,518 INFO: Extracting features: batch 61/63
2026-03-23 10:31:58,403 INFO: Extracted raw features: shape = (1000, 524800)
2026-03-23 10:32:01,776 INFO: Final feature shape: (1000, 524800)
2026-03-23 10:32:06,951 INFO:   γ_med = 5.0437e-04  dim=524800
2026-03-23 10:32:52,381 INFO:   Inversion Gram: 0/40 gammas
2026-03-23 10:32:52,905 INFO:   Plot saved → /home/jnapolitano/Documents/metrique/experiments/results/gamma_sweep_top_configs/Spearman_3_ρ0.914_dc_ae_L12.png
2026-03-23 10:32:53,389 INFO:   Plot saved → /home/jnapolitano/Documents/metrique/experiments/results/gamma_sweep_top_configs/Kendall_3_τ0.872_dc_ae_L12.png
2026-03-23 10:32:53,773 INFO: 
--- dc_ae L14 ---
2026-03-23 10:32:53,773 INFO: Loading backbone: dc_ae
/home/jnapolitano/Documents/metrique/.venv/lib/python3.12/site-packages/huggingface_hub/utils/_validators.py:202: UserWarning: The `local_dir_use_symlinks` argument is deprecated and ignored in `hf_hub_download`. Downloading to a local directory does not use symlinks anymore.
  warnings.warn(
2026-03-23 10:32:53,924 INFO: HTTP Request: HEAD https://huggingface.co/mit-han-lab/dc-ae-f64c128-in-1.0-diffusers/resolve/main/config.json "HTTP/1.1 307 Temporary Redirect"
2026-03-23 10:32:53,937 INFO: HTTP Request: HEAD https://huggingface.co/api/resolve-cache/models/mit-han-lab/dc-ae-f64c128-in-1.0-diffusers/d58275ea9674845e5e36cbf280987f67bee0e85c/config.json "HTTP/1.1 200 OK"
2026-03-23 10:32:54,049 INFO: HTTP Request: HEAD https://huggingface.co/mit-han-lab/dc-ae-f64c128-in-1.0-diffusers/resolve/d58275ea9674845e5e36cbf280987f67bee0e85c/diffusion_pytorch_model.safetensors.index.json "HTTP/1.1 404 Not Found"
2026-03-23 10:32:57,214 INFO:   Extraction anchor (fit)...
2026-03-23 10:32:57,689 INFO: Extracting features: batch 1/63
2026-03-23 10:33:17,654 INFO: Extracting features: batch 11/63
2026-03-23 10:33:37,694 INFO: Extracting features: batch 21/63
2026-03-23 10:33:57,877 INFO: Extracting features: batch 31/63
2026-03-23 10:34:18,053 INFO: Extracting features: batch 41/63
2026-03-23 10:34:38,304 INFO: Extracting features: batch 51/63
2026-03-23 10:34:58,604 INFO: Extracting features: batch 61/63
2026-03-23 10:35:04,128 INFO: Extracted raw features: shape = (1000, 524800)
2026-03-23 10:35:10,884 INFO: Fitted scaler on Gram features: mean=3.95e-03, std=7.41e-02
2026-03-23 10:35:10,884 INFO: Final feature shape: (1000, 524800)
2026-03-23 10:35:11,520 INFO:   Extraction VKITTI2...
2026-03-23 10:35:11,982 INFO: Extracting features: batch 1/63
2026-03-23 10:35:32,110 INFO: Extracting features: batch 11/63
2026-03-23 10:35:52,191 INFO: Extracting features: batch 21/63
2026-03-23 10:36:12,423 INFO: Extracting features: batch 31/63
2026-03-23 10:36:32,620 INFO: Extracting features: batch 41/63
2026-03-23 10:36:52,748 INFO: Extracting features: batch 51/63
2026-03-23 10:37:12,956 INFO: Extracting features: batch 61/63
2026-03-23 10:37:18,431 INFO: Extracted raw features: shape = (1000, 524800)
2026-03-23 10:37:21,201 INFO: Final feature shape: (1000, 524800)
2026-03-23 10:37:21,764 INFO:   Extraction Stanford Cars...
2026-03-23 10:37:22,147 INFO: Extracting features: batch 1/63
2026-03-23 10:37:42,273 INFO: Extracting features: batch 11/63
2026-03-23 10:38:02,455 INFO: Extracting features: batch 21/63
2026-03-23 10:38:22,736 INFO: Extracting features: batch 31/63
2026-03-23 10:38:43,007 INFO: Extracting features: batch 41/63
2026-03-23 10:39:03,256 INFO: Extracting features: batch 51/63
2026-03-23 10:39:23,543 INFO: Extracting features: batch 61/63
2026-03-23 10:39:30,145 INFO: Extracted raw features: shape = (1000, 524800)
2026-03-23 10:39:33,205 INFO: Final feature shape: (1000, 524800)
2026-03-23 10:39:36,532 INFO:   γ_med = 5.0468e-04  dim=524800
2026-03-23 10:40:15,732 INFO:   Inversion Gram: 0/40 gammas
2026-03-23 10:40:16,239 INFO:   Plot saved → /home/jnapolitano/Documents/metrique/experiments/results/gamma_sweep_top_configs/Spearman_7_ρ0.902_dc_ae_L14.png
2026-03-23 10:40:16,736 INFO:   Plot saved → /home/jnapolitano/Documents/metrique/experiments/results/gamma_sweep_top_configs/Kendall_8_τ0.852_dc_ae_L14.png
2026-03-23 10:40:17,158 INFO: 
============================================================
2026-03-23 10:40:17,158 INFO: Backbone: vgg19  |  Layers: [7]
2026-03-23 10:40:17,158 INFO: ============================================================
2026-03-23 10:40:17,158 INFO: 
--- vgg19 L7 ---
2026-03-23 10:40:17,158 INFO: Loading backbone: vgg19
2026-03-23 10:40:18,668 INFO:   Extraction anchor (fit)...
2026-03-23 10:40:19,068 INFO: Extracting features: batch 1/63
2026-03-23 10:40:19,540 INFO: Extracting features: batch 11/63
2026-03-23 10:40:20,074 INFO: Extracting features: batch 21/63
2026-03-23 10:40:20,555 INFO: Extracting features: batch 31/63
2026-03-23 10:40:21,120 INFO: Extracting features: batch 41/63
2026-03-23 10:40:21,626 INFO: Extracting features: batch 51/63
2026-03-23 10:40:22,151 INFO: Extracting features: batch 61/63
2026-03-23 10:40:22,278 INFO: Extracted raw features: shape = (1000, 32896)
2026-03-23 10:40:22,590 INFO: Fitted scaler on Gram features: mean=2.03e+00, std=1.03e+00
2026-03-23 10:40:22,590 INFO: Final feature shape: (1000, 32896)
2026-03-23 10:40:22,680 INFO:   Extraction VKITTI2...
2026-03-23 10:40:22,969 INFO: Extracting features: batch 1/63
2026-03-23 10:40:23,407 INFO: Extracting features: batch 11/63
2026-03-23 10:40:23,828 INFO: Extracting features: batch 21/63
2026-03-23 10:40:24,252 INFO: Extracting features: batch 31/63
2026-03-23 10:40:24,675 INFO: Extracting features: batch 41/63
2026-03-23 10:40:25,089 INFO: Extracting features: batch 51/63
2026-03-23 10:40:25,504 INFO: Extracting features: batch 61/63
2026-03-23 10:40:25,640 INFO: Extracted raw features: shape = (1000, 32896)
2026-03-23 10:40:25,717 INFO: Final feature shape: (1000, 32896)
2026-03-23 10:40:25,814 INFO:   Extraction Stanford Cars...
2026-03-23 10:40:26,083 INFO: Extracting features: batch 1/63
2026-03-23 10:40:26,532 INFO: Extracting features: batch 11/63
2026-03-23 10:40:26,951 INFO: Extracting features: batch 21/63
2026-03-23 10:40:27,384 INFO: Extracting features: batch 31/63
2026-03-23 10:40:27,812 INFO: Extracting features: batch 41/63
2026-03-23 10:40:28,253 INFO: Extracting features: batch 51/63
2026-03-23 10:40:28,673 INFO: Extracting features: batch 61/63
2026-03-23 10:40:28,807 INFO: Extracted raw features: shape = (1000, 32896)
2026-03-23 10:40:28,881 INFO: Final feature shape: (1000, 32896)
2026-03-23 10:40:29,094 INFO:   γ_med = 5.6471e-04  dim=32896
2026-03-23 10:40:32,201 INFO:   Inversion Gram: 14/40 gammas
2026-03-23 10:40:32,726 INFO:   Plot saved → /home/jnapolitano/Documents/metrique/experiments/results/gamma_sweep_top_configs/Spearman_4_ρ0.911_vgg19_L7.png
2026-03-23 10:40:33,234 INFO:   Plot saved → /home/jnapolitano/Documents/metrique/experiments/results/gamma_sweep_top_configs/Kendall_2_τ0.874_vgg19_L7.png
2026-03-23 10:40:33,481 INFO: 
============================================================
2026-03-23 10:40:33,481 INFO: Backbone: sd_vae  |  Layers: [11, 13]
2026-03-23 10:40:33,481 INFO: ============================================================
2026-03-23 10:40:33,481 INFO: 
--- sd_vae L11 ---
2026-03-23 10:40:33,481 INFO: Loading backbone: sd_vae
/home/jnapolitano/Documents/metrique/.venv/lib/python3.12/site-packages/huggingface_hub/utils/_validators.py:202: UserWarning: The `local_dir_use_symlinks` argument is deprecated and ignored in `hf_hub_download`. Downloading to a local directory does not use symlinks anymore.
  warnings.warn(
2026-03-23 10:40:33,666 INFO: HTTP Request: HEAD https://huggingface.co/stabilityai/sd-vae-ft-mse/resolve/main/config.json "HTTP/1.1 307 Temporary Redirect"
2026-03-23 10:40:33,679 INFO: HTTP Request: HEAD https://huggingface.co/api/resolve-cache/models/stabilityai/sd-vae-ft-mse/31f26fdeee1355a5c34592e401dd41e45d25a493/config.json "HTTP/1.1 200 OK"
2026-03-23 10:40:33,797 INFO: HTTP Request: HEAD https://huggingface.co/stabilityai/sd-vae-ft-mse/resolve/31f26fdeee1355a5c34592e401dd41e45d25a493/diffusion_pytorch_model.safetensors.index.json "HTTP/1.1 404 Not Found"
2026-03-23 10:40:34,293 INFO:   Extraction anchor (fit)...
2026-03-23 10:40:34,639 INFO: Extracting features: batch 1/63
2026-03-23 10:40:37,843 INFO: Extracting features: batch 11/63
2026-03-23 10:40:41,016 INFO: Extracting features: batch 21/63
2026-03-23 10:40:44,164 INFO: Extracting features: batch 31/63
2026-03-23 10:40:47,317 INFO: Extracting features: batch 41/63
2026-03-23 10:40:50,466 INFO: Extracting features: batch 51/63
2026-03-23 10:40:53,609 INFO: Extracting features: batch 61/63
2026-03-23 10:40:54,547 INFO: Extracted raw features: shape = (1000, 131328)
2026-03-23 10:40:55,912 INFO: Fitted scaler on Gram features: mean=1.87e+01, std=1.01e+02
2026-03-23 10:40:55,912 INFO: Final feature shape: (1000, 131328)
2026-03-23 10:40:56,099 INFO:   Extraction VKITTI2...
2026-03-23 10:40:56,333 INFO: Extracting features: batch 1/63
2026-03-23 10:40:59,488 INFO: Extracting features: batch 11/63
2026-03-23 10:41:02,650 INFO: Extracting features: batch 21/63
2026-03-23 10:41:05,810 INFO: Extracting features: batch 31/63
2026-03-23 10:41:08,968 INFO: Extracting features: batch 41/63
2026-03-23 10:41:12,115 INFO: Extracting features: batch 51/63
2026-03-23 10:41:15,260 INFO: Extracting features: batch 61/63
2026-03-23 10:41:16,184 INFO: Extracted raw features: shape = (1000, 131328)
2026-03-23 10:41:16,464 INFO: Final feature shape: (1000, 131328)
2026-03-23 10:41:16,623 INFO:   Extraction Stanford Cars...
2026-03-23 10:41:16,851 INFO: Extracting features: batch 1/63
2026-03-23 10:41:20,013 INFO: Extracting features: batch 11/63
2026-03-23 10:41:23,169 INFO: Extracting features: batch 21/63
2026-03-23 10:41:26,336 INFO: Extracting features: batch 31/63
2026-03-23 10:41:29,503 INFO: Extracting features: batch 41/63
2026-03-23 10:41:32,663 INFO: Extracting features: batch 51/63
2026-03-23 10:41:35,829 INFO: Extracting features: batch 61/63
2026-03-23 10:41:36,746 INFO: Extracted raw features: shape = (1000, 131328)
2026-03-23 10:41:37,022 INFO: Final feature shape: (1000, 131328)
2026-03-23 10:41:37,299 INFO:   γ_med = 5.3986e-04  dim=131328
2026-03-23 10:41:42,313 INFO:   Inversion Gram: 7/40 gammas
2026-03-23 10:41:42,804 INFO:   Plot saved → /home/jnapolitano/Documents/metrique/experiments/results/gamma_sweep_top_configs/Kendall_9_τ0.846_sd_vae_L11.png
2026-03-23 10:41:43,058 INFO: 
--- sd_vae L13 ---
2026-03-23 10:41:43,058 INFO: Loading backbone: sd_vae
/home/jnapolitano/Documents/metrique/.venv/lib/python3.12/site-packages/huggingface_hub/utils/_validators.py:202: UserWarning: The `local_dir_use_symlinks` argument is deprecated and ignored in `hf_hub_download`. Downloading to a local directory does not use symlinks anymore.
  warnings.warn(
2026-03-23 10:41:43,232 INFO: HTTP Request: HEAD https://huggingface.co/stabilityai/sd-vae-ft-mse/resolve/main/config.json "HTTP/1.1 307 Temporary Redirect"
2026-03-23 10:41:43,244 INFO: HTTP Request: HEAD https://huggingface.co/api/resolve-cache/models/stabilityai/sd-vae-ft-mse/31f26fdeee1355a5c34592e401dd41e45d25a493/config.json "HTTP/1.1 200 OK"
2026-03-23 10:41:43,358 INFO: HTTP Request: HEAD https://huggingface.co/stabilityai/sd-vae-ft-mse/resolve/31f26fdeee1355a5c34592e401dd41e45d25a493/diffusion_pytorch_model.safetensors.index.json "HTTP/1.1 404 Not Found"
2026-03-23 10:41:43,479 INFO:   Extraction anchor (fit)...
2026-03-23 10:41:43,823 INFO: Extracting features: batch 1/63
2026-03-23 10:41:46,977 INFO: Extracting features: batch 11/63
2026-03-23 10:41:50,145 INFO: Extracting features: batch 21/63
2026-03-23 10:41:53,304 INFO: Extracting features: batch 31/63
2026-03-23 10:41:56,462 INFO: Extracting features: batch 41/63
2026-03-23 10:41:59,624 INFO: Extracting features: batch 51/63
2026-03-23 10:42:02,791 INFO: Extracting features: batch 61/63
2026-03-23 10:42:03,725 INFO: Extracted raw features: shape = (1000, 131328)
2026-03-23 10:42:05,112 INFO: Fitted scaler on Gram features: mean=3.25e+01, std=1.10e+02
2026-03-23 10:42:05,112 INFO: Final feature shape: (1000, 131328)
2026-03-23 10:42:05,285 INFO:   Extraction VKITTI2...
2026-03-23 10:42:05,571 INFO: Extracting features: batch 1/63
2026-03-23 10:42:08,734 INFO: Extracting features: batch 11/63
2026-03-23 10:42:11,912 INFO: Extracting features: batch 21/63
2026-03-23 10:42:15,081 INFO: Extracting features: batch 31/63
2026-03-23 10:42:18,266 INFO: Extracting features: batch 41/63
2026-03-23 10:42:21,444 INFO: Extracting features: batch 51/63
2026-03-23 10:42:24,614 INFO: Extracting features: batch 61/63
2026-03-23 10:42:25,560 INFO: Extracted raw features: shape = (1000, 131328)
2026-03-23 10:42:25,897 INFO: Final feature shape: (1000, 131328)
2026-03-23 10:42:26,096 INFO:   Extraction Stanford Cars...
2026-03-23 10:42:26,349 INFO: Extracting features: batch 1/63
2026-03-23 10:42:29,523 INFO: Extracting features: batch 11/63
2026-03-23 10:42:32,712 INFO: Extracting features: batch 21/63
2026-03-23 10:42:35,901 INFO: Extracting features: batch 31/63
2026-03-23 10:42:39,071 INFO: Extracting features: batch 41/63
2026-03-23 10:42:42,246 INFO: Extracting features: batch 51/63
2026-03-23 10:42:45,418 INFO: Extracting features: batch 61/63
2026-03-23 10:42:46,346 INFO: Extracted raw features: shape = (1000, 131328)
2026-03-23 10:42:46,622 INFO: Final feature shape: (1000, 131328)
2026-03-23 10:42:46,889 INFO:   γ_med = 5.4796e-04  dim=131328
2026-03-23 10:42:51,814 INFO:   Inversion Gram: 7/40 gammas
2026-03-23 10:42:52,327 INFO:   Plot saved → /home/jnapolitano/Documents/metrique/experiments/results/gamma_sweep_top_configs/Kendall_10_τ0.846_sd_vae_L13.png
2026-03-23 10:42:52,575 INFO: 
Results saved → /home/jnapolitano/Documents/metrique/experiments/results/gamma_sweep_top_configs/gamma_sweep_top_configs_20260323_095513.json
2026-03-23 10:42:52,575 INFO: 
======================================================================
2026-03-23 10:42:52,575 INFO: SUMMARY
2026-03-23 10:42:52,575 INFO: ======================================================================
2026-03-23 10:42:52,576 INFO: CMMD fixe γ=0.005: VKITTI2=4.9431e-01  Stanford=5.1718e-01  ratio=0.956  INV ★
2026-03-23 10:42:52,576 INFO: Config                              γ_med   Inv(γ/10)  Inv(γ_med)   Total inv
2026-03-23 10:42:52,576 INFO:   dc_ae L9                  5.45e-04          ok          ok           0/40
2026-03-23 10:42:52,576 INFO:   dc_ae L10                 5.19e-04          ok          ok           3/40
2026-03-23 10:42:52,576 INFO:   dc_ae L11                 5.11e-04          ok          ok           0/40
2026-03-23 10:42:52,576 INFO:   dc_ae L12                 5.04e-04          ok          ok           0/40
2026-03-23 10:42:52,576 INFO:   dc_ae L14                 5.05e-04          ok          ok           0/40
2026-03-23 10:42:52,576 INFO:   dinov2_vitb14 L4                  5.06e-04          ok          ok           3/40
2026-03-23 10:42:52,576 INFO:   dinov2_vitb14 L5                  5.11e-04          ok          ok           5/40
2026-03-23 10:42:52,576 INFO:   dinov2_vitb14 L6                  5.09e-04          ok          ok           6/40
2026-03-23 10:42:52,576 INFO:   dinov2_vitb14 L7                  5.08e-04          ok          ok           7/40
2026-03-23 10:42:52,576 INFO:   sd_vae L11                 5.40e-04          ok          ok           7/40
2026-03-23 10:42:52,576 INFO:   sd_vae L13                 5.48e-04          ok          ok           7/40
2026-03-23 10:42:52,576 INFO:   vgg19 L7                  5.65e-04          ok          ok          14/40
2026-03-23 10:42:52,576 INFO: ======================================================================
2026-03-23 10:42:52,576 INFO: Total plots generated: 20
