2026-03-12 11:02:49,268 INFO: =================================================================
2026-03-12 11:02:49,268 INFO: RAISE Gamma Sensitivity — DINOv2 ViT-B/14 L5
2026-03-12 11:02:49,268 INFO:   Groupes   : 24 × 20 = 480 images
2026-03-12 11:02:49,268 INFO:   Ancrage   : 1000 COCO (seed=42)
2026-03-12 11:02:49,268 INFO:   Gammas    : median, 10×median, 50×median
2026-03-12 11:02:49,268 INFO:   Device    : cuda
2026-03-12 11:02:49,268 INFO: =================================================================
2026-03-12 11:02:49,277 INFO: Ancrage COCO : 1000 images (seed=42)
2026-03-12 11:02:49,280 INFO: Images IA RAISE : 480  MOS [10.38 … 87.81]
2026-03-12 11:02:49,280 INFO: Loading backbone: dinov2_vitb14
Using cache found in /home/jnapolitano/.cache/torch/hub/facebookresearch_dinov2_main
/home/jnapolitano/.cache/torch/hub/facebookresearch_dinov2_main/dinov2/layers/swiglu_ffn.py:51: UserWarning: xFormers is not available (SwiGLU)
  warnings.warn("xFormers is not available (SwiGLU)")
/home/jnapolitano/.cache/torch/hub/facebookresearch_dinov2_main/dinov2/layers/attention.py:33: UserWarning: xFormers is not available (Attention)
  warnings.warn("xFormers is not available (Attention)")
/home/jnapolitano/.cache/torch/hub/facebookresearch_dinov2_main/dinov2/layers/block.py:40: UserWarning: xFormers is not available (Block)
  warnings.warn("xFormers is not available (Block)")
2026-03-12 11:02:49,999 INFO: using MLP layer as FFN
2026-03-12 11:02:51,465 INFO: 
Extraction ancrage (1000 images)...
2026-03-12 11:02:51,700 INFO: Extracting features: batch 1/125
2026-03-12 11:02:54,865 INFO: Extracting features: batch 11/125
2026-03-12 11:02:57,836 INFO: Extracting features: batch 21/125
2026-03-12 11:03:00,812 INFO: Extracting features: batch 31/125
2026-03-12 11:03:03,794 INFO: Extracting features: batch 41/125
2026-03-12 11:03:06,781 INFO: Extracting features: batch 51/125
2026-03-12 11:03:09,779 INFO: Extracting features: batch 61/125
2026-03-12 11:03:12,772 INFO: Extracting features: batch 71/125
2026-03-12 11:03:15,771 INFO: Extracting features: batch 81/125
2026-03-12 11:03:18,777 INFO: Extracting features: batch 91/125
2026-03-12 11:03:21,782 INFO: Extracting features: batch 101/125
2026-03-12 11:03:24,793 INFO: Extracting features: batch 111/125
2026-03-12 11:03:27,816 INFO: Extracting features: batch 121/125
2026-03-12 11:03:29,764 INFO: Extracted raw features: shape = (1000, 295296)
2026-03-12 11:03:33,118 INFO: Fitted scaler on Gram features: mean=3.45e-05, std=3.66e-04
2026-03-12 11:03:33,119 INFO: Final feature shape: (1000, 295296)
2026-03-12 11:03:33,191 INFO:   anchor_feat : (1000, 295296)
2026-03-12 11:03:33,191 INFO: 
Extraction RAISE (480 images)...
2026-03-12 11:03:37,456 INFO: Extracting features: batch 1/60
2026-03-12 11:03:40,482 INFO: Extracting features: batch 11/60
2026-03-12 11:03:43,508 INFO: Extracting features: batch 21/60
2026-03-12 11:03:46,538 INFO: Extracting features: batch 31/60
2026-03-12 11:03:49,567 INFO: Extracting features: batch 41/60
2026-03-12 11:03:52,598 INFO: Extracting features: batch 51/60
2026-03-12 11:03:55,844 INFO: Extracted raw features: shape = (480, 295296)
2026-03-12 11:03:56,211 INFO: Final feature shape: (480, 295296)
2026-03-12 11:03:56,289 INFO:   raise_feat : (480, 295296)
2026-03-12 11:03:56,289 INFO: 
Calcul des gammas heuristiques (ancrage)...
2026-03-12 11:03:58,882 INFO:   median(d²) = 5.3932e+05  → γ_median  = 9.2709e-07
2026-03-12 11:03:58,882 INFO:     median         : γ = 9.2709e-07
2026-03-12 11:03:58,882 INFO:     10x_median     : γ = 9.2709e-06
2026-03-12 11:03:58,882 INFO:     50x_median     : γ = 4.6355e-05
2026-03-12 11:03:58,986 INFO: 
── γ = 9.2709e-07  (median) ──
2026-03-12 11:03:58,988 INFO:   term1_rr = 0.589816
2026-03-12 11:04:16,156 INFO:   DINOv2_vitb14_L5_median                             ρ=-0.7052  r=-0.5674  p_ρ=1.188e-04  p_r=3.832e-03
2026-03-12 11:04:16,156 INFO: 
── γ = 9.2709e-06  (10x_median) ──
2026-03-12 11:04:16,158 INFO:   term1_rr = 0.010693
2026-03-12 11:04:33,234 INFO:   DINOv2_vitb14_L5_10x_median                         ρ=-0.7296  r=-0.6784  p_ρ=5.224e-05  p_r=2.692e-04
2026-03-12 11:04:33,235 INFO: 
── γ = 4.6355e-05  (50x_median) ──
2026-03-12 11:04:33,237 INFO:   term1_rr = 0.000000
2026-03-12 11:04:52,029 INFO:   DINOv2_vitb14_L5_50x_median                         ρ=-0.2061  r=+0.1245  p_ρ=3.340e-01  p_r=5.621e-01
2026-03-12 11:04:52,029 INFO: 
=================================================================
2026-03-12 11:04:52,029 INFO: RÉSUMÉ FINAL  [24 groupes × 20 images]
2026-03-12 11:04:52,029 INFO: Gamma                   γ val         ρ        −ρ         p_ρ
2026-03-12 11:04:52,029 INFO: -----------------------------------------------------------------
2026-03-12 11:04:52,029 INFO:   10x_median         9.2709e-06   -0.7296   +0.7296  5.224e-05 ✱
2026-03-12 11:04:52,029 INFO:   median             9.2709e-07   -0.7052   +0.7052  1.188e-04 ✱
2026-03-12 11:04:52,029 INFO:   50x_median         4.6355e-05   -0.2061   +0.2061  3.340e-01
2026-03-12 11:04:52,029 INFO: =================================================================
2026-03-12 11:04:52,030 INFO:   Sauvegardé : /home/jnapolitano/Documents/metrique/results/raise_gamma_sensitivity_dinov2/gamma_sensitivity_dinov2_vitb14_L5_24x20_detailed_20260312_110249.csv
2026-03-12 11:04:52,030 INFO:   Sauvegardé : /home/jnapolitano/Documents/metrique/results/raise_gamma_sensitivity_dinov2/gamma_sensitivity_dinov2_vitb14_L5_24x20_summary_20260312_110249.csv
2026-03-12 11:04:52,030 INFO: 
Résultats dans : /home/jnapolitano/Documents/metrique/results/raise_gamma_sensitivity_dinov2
