15:37:26  INFO     ================================================================================
15:37:26  INFO     Synthetic KADID sweep — all layers, 10 gammas
15:37:26  INFO       Backbones : ['resnet50']
15:37:26  INFO       Device    : cuda
15:37:26  INFO       200 groups: 25 dist_types × 8 levels (cumulative)
15:37:26  INFO       COCO: 50 refs, 1000 anchor
15:37:26  INFO     
15:37:26  INFO     ────────────────────────────────────────────────────────────
15:37:26  INFO     Backbone: resnet50  (25 layers)
15:37:26  INFO       Input size: 224px  →  batch_size=4
15:37:26  INFO     Loading backbone: resnet50
15:37:27  INFO       Extracting anchor (1000 images)…
15:37:34  INFO       Anchor saved → /home/jnapolitano/Documents/metrique/results/synthetic_kadid_sweep/cache/resnet50_anc.npz  shapes: L0:64, L1:64, L2:64, L3:256…
15:37:34  INFO       Extracting dist (200 groups × 50 imgs)…
15:37:34  INFO         Group   0/200  +type= 1 level=1  (total ops=1)
15:37:45  INFO         Group  20/200  +type=21 level=1  (total ops=21)
15:37:55  INFO         Group  40/200  +type=16 level=2  (total ops=41)
15:38:07  INFO         Group  60/200  +type=11 level=3  (total ops=61)
15:38:19  INFO         Group  80/200  +type= 6 level=4  (total ops=81)
15:38:36  INFO         Group 100/200  +type= 1 level=5  (total ops=101)
15:38:53  INFO         Group 120/200  +type=21 level=5  (total ops=121)
15:39:19  INFO         Group 140/200  +type=16 level=6  (total ops=141)
15:40:13  INFO         Group 160/200  +type=11 level=7  (total ops=161)
15:41:49  INFO         Group 180/200  +type= 6 level=8  (total ops=181)
15:45:12  INFO       Dist saved → /home/jnapolitano/Documents/metrique/results/synthetic_kadid_sweep/cache/resnet50_dist.npz
15:45:12  INFO       Scoring 25 layers × 10 gammas…
15:45:19  INFO       resnet50 done in 473s
15:45:19  INFO     
CSV saved: /home/jnapolitano/Documents/metrique/results/synthetic_kadid_sweep/summary_20260316_153726.csv  (250 rows)
15:45:19  INFO     
Top-10 by |Spearman ρ|:
15:45:19  INFO       Backbone           Layer     γ×        ρ        τ    mono
15:45:19  INFO       resnet50              14   0.50  +0.8930  +0.7541   57.8%
15:45:19  INFO       resnet50               3   1.00  +0.8901  +0.7346   48.2%
15:45:19  INFO       resnet50               6   1.00  +0.8901  +0.7346   48.2%
15:45:19  INFO       resnet50               3   2.00  +0.8888  +0.7296   47.7%
15:45:19  INFO       resnet50               6   2.00  +0.8888  +0.7296   47.7%
15:45:19  INFO       resnet50               3   0.50  +0.8880  +0.7424   54.3%
15:45:19  INFO       resnet50               6   0.50  +0.8880  +0.7424   54.3%
15:45:19  INFO       resnet50               3   5.00  +0.8870  +0.7272   47.2%
15:45:19  INFO       resnet50               6   5.00  +0.8870  +0.7272   47.2%
15:45:19  INFO       resnet50               3  10.00  +0.8869  +0.7265   47.2%
