15:24:09  INFO     ================================================================================
15:24:09  INFO     Synthetic KADID sweep — all layers, 10 gammas
15:24:09  INFO       Backbones : ['resnet50']
15:24:09  INFO       Device    : cuda
15:24:09  INFO       200 groups: 25 dist_types × 8 levels (cumulative)
15:24:09  INFO       COCO: 50 refs, 1000 anchor
15:24:09  INFO     
15:24:09  INFO     ────────────────────────────────────────────────────────────
15:24:09  INFO     Backbone: resnet50  (9 layers)
15:24:09  INFO       Input size: 224px  →  batch_size=4
15:24:09  INFO     Loading backbone: resnet50
15:24:09  INFO       Extracting anchor (1000 images)…
15:24:18  INFO       Anchor saved → /home/jnapolitano/Documents/metrique/results/synthetic_kadid_sweep/cache/resnet50_anc.npz  shapes: L7:1024, L8:2048, L9:2048, L10:1000…
15:24:18  INFO       Extracting dist (200 groups × 50 imgs)…
15:24:18  INFO         Group   0/200  +type= 1 level=1  (total ops=1)
15:24:28  INFO         Group  20/200  +type=21 level=1  (total ops=21)
15:24:43  INFO         Group  40/200  +type=16 level=2  (total ops=41)
15:24:57  INFO         Group  60/200  +type=11 level=3  (total ops=61)
15:25:11  INFO         Group  80/200  +type= 6 level=4  (total ops=81)
15:25:30  INFO         Group 100/200  +type= 1 level=5  (total ops=101)
15:25:47  INFO         Group 120/200  +type=21 level=5  (total ops=121)
15:26:14  INFO         Group 140/200  +type=16 level=6  (total ops=141)
15:27:10  INFO         Group 160/200  +type=11 level=7  (total ops=161)
15:28:47  INFO         Group 180/200  +type= 6 level=8  (total ops=181)
15:32:00  INFO       Dist saved → /home/jnapolitano/Documents/metrique/results/synthetic_kadid_sweep/cache/resnet50_dist.npz
15:32:00  INFO       Scoring 9 layers × 10 gammas…
15:32:04  INFO       resnet50 done in 475s
15:32:04  INFO     
CSV saved: /home/jnapolitano/Documents/metrique/results/synthetic_kadid_sweep/summary_20260316_152409.csv  (90 rows)
15:32:04  INFO     
Top-10 by |Spearman ρ|:
15:32:04  INFO       Backbone           Layer     γ×        ρ        τ    mono
15:32:04  INFO       resnet50              10   0.50  +0.8745  +0.7358   57.3%
15:32:04  INFO       resnet50              10   0.30  +0.8718  +0.7344   57.3%
15:32:04  INFO       resnet50              12   0.50  +0.8666  +0.7272   57.8%
15:32:04  INFO       resnet50               7   0.50  +0.8655  +0.7212   50.3%
15:32:04  INFO       resnet50              14   0.50  +0.8655  +0.7212   50.3%
15:32:04  INFO       resnet50              10   0.03  +0.8619  +0.7164   53.3%
15:32:04  INFO       resnet50              11   0.50  +0.8616  +0.7123   53.3%
15:32:04  INFO       resnet50              10   0.10  +0.8612  +0.7187   53.8%
15:32:04  INFO       resnet50              15   0.50  +0.8611  +0.7149   54.3%
15:32:04  INFO       resnet50              10   0.01  +0.8599  +0.7083   53.8%
